void SEQ (
  void FNDEF main void () (
    void SEQ (
      void DECL ca (char) = 1,
      void DECL cb (char) = 2,
      void DECL ia (int) = 1,
      void DECL ib (int) = 2,
      void DECL cc (char),
      void DECL ic (int),
      char ASN (
        char ID cc,
        char BINOP('*') (
          char ID ca,
          char ID cb)),
      int ASN (
        int ID ic,
        int CAST (
          char ID cc)),
      void FNCALL printd (
        int ID ic))))
