void SEQ (
  void FNDEF main void () (
    void SEQ (
      void FNCALL printd (
        int FNCALL pow (
          int LIT = 2,
          int LIT = 6)))),
  void FNDEF pow int (int,int) (
    void SEQ (
      void PDECL a (int),
      void PDECL b (int),
      void DECL i (int),
      void DECL res (int) = 1,
      void SEQ (
        int ASN (
          int ID i,
          int LIT = 0),
        void WHILE (
          int BINOP('<') (
            int ID i,
            int ID b),
          void SEQ (
            void SEQ (
              int ASN (
                int ID res,
                int BINOP('*') (
                  int ID res,
                  int ID a))),
            int POST-INC (
              int ID i)))),
      void RETURN (
        int ID res))))
