void SEQ (
  void FNDEF main void () (
    void SEQ (
      void DECL ca (char) = 1,
      void DECL cb (char) = 2,
      void DECL ia (int) = 1,
      void DECL ib (int) = 2,
      void DECL cc (char),
      void DECL ic (int),
      int ASN (
        int ID ic,
        int BINOP('*') (
          int ID ia,
          int CAST (
            char ID cb))),
      void FNCALL printd (
        int ID ic))))
