2
10
2
2
3
4
5
6
7
8
100
36
1050625
9
16
25
36
49
64
81
