2099.737355105459854839017567013645404055167374537522052127365984518688408825209109839965158943991726170937419746949838127118615952210327114640625000000
