1 6 11111111 2 15 11111111 3 36 11111111 4 225 11111111 5 561 11111111 6 1225 11111111 
