3.00009155413138
11.704699917758145
1.7739279023207892
1000.000369924366
