(110 2 3 4 5 6)
(110 2 24 4 5 6)
(110 2 24 4 a b c)
