6361.725124350
282.743338860
196349.540875000
8181230.869791666666666646213589492187500
