1
2
1
3
((1 . 2) . (3 . 4))
1/2
5/6
1/6
6/9
2/3
(1 2 3 4)
1
(2 3 4)
2
(10 1 2 3 4)
(5 1 2 3 4)
(10 2.5 11.6 17)
(1 4 9 16)
(10 20 30 40 50)
4
8
