(+ 0 1)
(+ (* 7 1) (* 0 x))
(+ (* (* x x) 1) (* (+ (* x 1) (* 1 x)) x))
(+ (+ (* (+ 2 x) (+ 0 1)) (* (+ 0 1) (+ 6 x))) (+ (* x 0) (* 1 23)))
(+ (* (* x y) (+ 1 0)) (* (+ (* x 0) (* 1 y)) (+ x 3)))
