((Burroughs) (Rice Burroughs) (Edgar Rice Burroughs))
