4
64
37
63
17
25
8.312839123E9
2.1791608995855896E21
