((* (+ 2 x) (+ 6 x) (* x 23)))
(* (+ 2 x) (+ 6 x) (* x 23))
((+ 2 x) (+ 6 x) (* x 23))
(+ 2 x)
+
Yes
