random-set-seed!
47
72
27
22
88
8
16
21
44
98
done
