Test 1: 0
Test 2: 1
Test 3: 2
2
... test 4 should not have printed!
Test 5: 2
Test 6: 2
