3.000091554131380178530556191348134
11.70469991775814352594298683199054
1.773927902320789248871042252700405
1000.00036992436602947805607554362322337393225463327334497336576501760000000000000000000000