100
20
10
6
5
5
6
10
20
100
1
0
4
2
-1
100
20
10
6
5
5
6
10
20
100
