Break with i=2 and j=5
Break with i=4 and j=5
Break with i=5 and j=2
Break with i=6 and j=5
Break with i=8 and j=5
