8 is not prime
29 is prime
51 is not prime
53 is prime
