-0.0351558170965421721216064-2.03344251295472101860312i
