1
7
(+ (* x x) (* (+ x x) x))
(+ (+ (+ 2 x) (+ 6 x)) 23)
(+ (* x y) (* y (+ x 3)))
