(1 1)
(1.414213562373095048801688724209698 0.7853981633974483096156608458198757)