Length of 'Hi there.': 9
Concatenating another string gets us Hi there... and welcome to the universe.
The length of that string is 41
