1
1
1
1
1
-2147483648
-65536
65280
a:255
r:255
g:255
b:255
0