(1 2 3 4 5 6)
#t
6
6
2
(3 4 5 6)
4
#t
#t
#f
#f
#t
#t
#t
#t
#f
